string6
123
true
5.6
456
string10
true
1.43
false
string11
123
4.1312
1.44
string12
1424
true
5
3
3
27
27
START OF any to type safe variable assignments
false
true
false
false
false
0
true
0
false
false
222
false
222
true
true
0
true
0
false
false
222.22
false
222.22
true
true

true

false
false
asd
false
asd
true
true
false
333
false
0
0
true
333
true
1
1
444
333
444
444
444
555.55
333
555.55
555
555.55
666
333
666
666
666
false
333.33
false
0
0
true
333.33
true
1
1
444
333.33
444
444
444
555
333.33
555
555
555
666
333.33
666
666
666
false
hey
false
false
false
true
hey
true
true
true
333
hey
333
333
333
333.33
hey
333.33
333.33
333.33
universe
hey
universe
universe
universe
8
true
3.14
