{'a': 1, 'b': 2}
{'a': 1, 'b': 2, 'c': 3}
{'a': 1, 'b': 2}
{'a': 1, 'b': 2, 'c': 3}
{'a': true, 'b': false}
{'a': 1, 'b': 2, 'c': 63.3, 'd': 12321.2}
{'a': 'A', 'b': 'asdasdaqs', 'c': 'asdasd123123', 'd': '.'}
[start] =>
	{id: 0, name: a, 2nd_name: (null), key: (null), scope: main, depth: 0, type: 5, 2nd_type: 3, value_type: 4, role: 0, param_of: } =>
	{id: 1, name: (null), 2nd_name: (null), key: b, scope: main, depth: 0, type: 1, 2nd_type: 0, value_type: 1, role: 0, param_of: } =>
	{id: 2, name: (null), 2nd_name: (null), key: a, scope: main, depth: 0, type: 1, 2nd_type: 0, value_type: 1, role: 0, param_of: } =>
	{id: 3, name: b, 2nd_name: (null), key: (null), scope: main, depth: 0, type: 5, 2nd_type: 3, value_type: 4, role: 0, param_of: } =>
	{id: 4, name: (null), 2nd_name: (null), key: c, scope: main, depth: 0, type: 1, 2nd_type: 0, value_type: 1, role: 0, param_of: } =>
	{id: 5, name: (null), 2nd_name: (null), key: b, scope: main, depth: 0, type: 1, 2nd_type: 0, value_type: 1, role: 0, param_of: } =>
	{id: 6, name: (null), 2nd_name: (null), key: a, scope: main, depth: 0, type: 1, 2nd_type: 0, value_type: 1, role: 0, param_of: } =>
	{id: 7, name: c, 2nd_name: (null), key: (null), scope: main, depth: 0, type: 5, 2nd_type: 3, value_type: 4, role: 0, param_of: } =>
	{id: 8, name: (null), 2nd_name: (null), key: b, scope: main, depth: 0, type: 1, 2nd_type: 0, value_type: 1, role: 0, param_of: } =>
	{id: 9, name: (null), 2nd_name: (null), key: a, scope: main, depth: 0, type: 1, 2nd_type: 0, value_type: 1, role: 0, param_of: } =>
	{id: 10, name: d, 2nd_name: (null), key: (null), scope: main, depth: 0, type: 5, 2nd_type: 3, value_type: 4, role: 0, param_of: } =>
	{id: 11, name: (null), 2nd_name: (null), key: c, scope: main, depth: 0, type: 1, 2nd_type: 0, value_type: 1, role: 0, param_of: } =>
	{id: 12, name: (null), 2nd_name: (null), key: b, scope: main, depth: 0, type: 1, 2nd_type: 0, value_type: 1, role: 0, param_of: } =>
	{id: 13, name: (null), 2nd_name: (null), key: a, scope: main, depth: 0, type: 1, 2nd_type: 0, value_type: 1, role: 0, param_of: } =>
	{id: 14, name: dict1, 2nd_name: (null), key: (null), scope: main, depth: 0, type: 5, 2nd_type: 0, value_type: 4, role: 0, param_of: } =>
	{id: 15, name: (null), 2nd_name: (null), key: b, scope: main, depth: 0, type: 0, 2nd_type: 0, value_type: 0, role: 0, param_of: } =>
	{id: 16, name: (null), 2nd_name: (null), key: a, scope: main, depth: 0, type: 0, 2nd_type: 0, value_type: 0, role: 0, param_of: } =>
	{id: 17, name: dict2, 2nd_name: (null), key: (null), scope: main, depth: 0, type: 5, 2nd_type: 1, value_type: 4, role: 0, param_of: } =>
	{id: 18, name: (null), 2nd_name: (null), key: d, scope: main, depth: 0, type: 1, 2nd_type: 0, value_type: 2, role: 0, param_of: } =>
	{id: 19, name: (null), 2nd_name: (null), key: c, scope: main, depth: 0, type: 1, 2nd_type: 0, value_type: 2, role: 0, param_of: } =>
	{id: 20, name: (null), 2nd_name: (null), key: b, scope: main, depth: 0, type: 1, 2nd_type: 0, value_type: 1, role: 0, param_of: } =>
	{id: 21, name: (null), 2nd_name: (null), key: a, scope: main, depth: 0, type: 1, 2nd_type: 0, value_type: 1, role: 0, param_of: } =>
	{id: 22, name: dict3, 2nd_name: (null), key: (null), scope: main, depth: 0, type: 5, 2nd_type: 2, value_type: 4, role: 0, param_of: } =>
	{id: 23, name: (null), 2nd_name: (null), key: d, scope: main, depth: 0, type: 2, 2nd_type: 0, value_type: 3, role: 0, param_of: } =>
	{id: 24, name: (null), 2nd_name: (null), key: c, scope: main, depth: 0, type: 2, 2nd_type: 0, value_type: 3, role: 0, param_of: } =>
	{id: 25, name: (null), 2nd_name: (null), key: b, scope: main, depth: 0, type: 2, 2nd_type: 0, value_type: 3, role: 0, param_of: } =>
	{id: 26, name: (null), 2nd_name: (null), key: a, scope: main, depth: 0, type: 2, 2nd_type: 0, value_type: 3, role: 0, param_of: } =>
[end]
[start] =>
	{id: 0, name: a, 2nd_name: (null), key: (null), scope: main, depth: 0, type: 5, 2nd_type: 3, value_type: 4, role: 0, param_of: } =>
	{id: 1, name: (null), 2nd_name: (null), key: b, scope: main, depth: 0, type: 1, 2nd_type: 0, value_type: 1, role: 0, param_of: } =>
	{id: 2, name: (null), 2nd_name: (null), key: a, scope: main, depth: 0, type: 1, 2nd_type: 0, value_type: 1, role: 0, param_of: } =>
	{id: 7, name: c, 2nd_name: (null), key: (null), scope: main, depth: 0, type: 5, 2nd_type: 3, value_type: 4, role: 0, param_of: } =>
	{id: 8, name: (null), 2nd_name: (null), key: b, scope: main, depth: 0, type: 1, 2nd_type: 0, value_type: 1, role: 0, param_of: } =>
	{id: 9, name: (null), 2nd_name: (null), key: a, scope: main, depth: 0, type: 1, 2nd_type: 0, value_type: 1, role: 0, param_of: } =>
	{id: 10, name: d, 2nd_name: (null), key: (null), scope: main, depth: 0, type: 5, 2nd_type: 3, value_type: 4, role: 0, param_of: } =>
	{id: 11, name: (null), 2nd_name: (null), key: c, scope: main, depth: 0, type: 1, 2nd_type: 0, value_type: 1, role: 0, param_of: } =>
	{id: 12, name: (null), 2nd_name: (null), key: b, scope: main, depth: 0, type: 1, 2nd_type: 0, value_type: 1, role: 0, param_of: } =>
	{id: 13, name: (null), 2nd_name: (null), key: a, scope: main, depth: 0, type: 1, 2nd_type: 0, value_type: 1, role: 0, param_of: } =>
	{id: 14, name: dict1, 2nd_name: (null), key: (null), scope: main, depth: 0, type: 5, 2nd_type: 0, value_type: 4, role: 0, param_of: } =>
	{id: 15, name: (null), 2nd_name: (null), key: b, scope: main, depth: 0, type: 0, 2nd_type: 0, value_type: 0, role: 0, param_of: } =>
	{id: 16, name: (null), 2nd_name: (null), key: a, scope: main, depth: 0, type: 0, 2nd_type: 0, value_type: 0, role: 0, param_of: } =>
	{id: 17, name: dict2, 2nd_name: (null), key: (null), scope: main, depth: 0, type: 5, 2nd_type: 1, value_type: 4, role: 0, param_of: } =>
	{id: 18, name: (null), 2nd_name: (null), key: d, scope: main, depth: 0, type: 1, 2nd_type: 0, value_type: 2, role: 0, param_of: } =>
	{id: 19, name: (null), 2nd_name: (null), key: c, scope: main, depth: 0, type: 1, 2nd_type: 0, value_type: 2, role: 0, param_of: } =>
	{id: 20, name: (null), 2nd_name: (null), key: b, scope: main, depth: 0, type: 1, 2nd_type: 0, value_type: 1, role: 0, param_of: } =>
	{id: 21, name: (null), 2nd_name: (null), key: a, scope: main, depth: 0, type: 1, 2nd_type: 0, value_type: 1, role: 0, param_of: } =>
	{id: 22, name: dict3, 2nd_name: (null), key: (null), scope: main, depth: 0, type: 5, 2nd_type: 2, value_type: 4, role: 0, param_of: } =>
	{id: 23, name: (null), 2nd_name: (null), key: d, scope: main, depth: 0, type: 2, 2nd_type: 0, value_type: 3, role: 0, param_of: } =>
	{id: 24, name: (null), 2nd_name: (null), key: c, scope: main, depth: 0, type: 2, 2nd_type: 0, value_type: 3, role: 0, param_of: } =>
	{id: 25, name: (null), 2nd_name: (null), key: b, scope: main, depth: 0, type: 2, 2nd_type: 0, value_type: 3, role: 0, param_of: } =>
	{id: 26, name: (null), 2nd_name: (null), key: a, scope: main, depth: 0, type: 2, 2nd_type: 0, value_type: 3, role: 0, param_of: } =>
[end]
1
2
{'a': 5, 'b': 2, 'c': 3}
32
{'a': 5, 'b': 2, 'c': 3}
{'a': 15, 'b': 2}
{'b': 2, 'c': 3}
1
2
true
false
1
2
a
b
true
false
1
2
a
b
false
true
2
1
b
a
false
true
2
1
b
a
{'a': false, 'b': false}
{'a': false, 'b': true}
{'a': 5, 'b': 2}
{'a': 5, 'b': 6}
{'a': 'd', 'b': 'b'}
{'a': 'd', 'b': 'e'}
{'b': true}
{'a': 5}
{'a': {'a': 1, 'b': 2}, 'b': {'a': 1, 'b': 2}}
{'a': {'a': 1, 'b': 2}, 'b': 3}
{'b': 2, 'a': [1, 2, 3]}
{'a': [1, 2, 3], 'b': 2}
2
2
{'c': 3, 'd': 4}
{'a': {'c': 3, 'd': 4}, 'b': 2}
{'a': {'e': 5, 'f': 6}, 'b': 2}
[4, 5, 6]
{'a': [4, 5, 6], 'b': 2}
{'a': [4, 5, 6], 'b': 2}
{'a': {}, 'b': {}}
{'a': 123, 'b': {}}
{'a': 123, 'b': 'foo'}
{'b': 2, 'a': 4}
{'b': 2, 'a': 2}
{'a': 1, 'b': 3, 'c': 2}
{'a': 1, 'b': 3, 'c': 2}
{'a': 1, 'b': 3, 'c': 2}
{'a': {'a': 1, 'b': 2}, 'b': {'c': 3, 'd': 4}, 'c': {'e': 5, 'f': 6}}
{'a': [1, 2], 'b': [3, 4], 'c': [5, 6]}
{'a': [{'a': 1, 'b': 2}, {'c': 3, 'd': 4}], 'b': [{'e': 5, 'f': 6}, {'g': 7, 'h': 8}], 'c': [{'x': 9, 'y': 10}, {'t': 11, 'v': 12}]}
