first print this
inside function a
5
inside function b
8
true
5
hello world
false
3.14
OMG!
hello world
3.14
List function parameter:
[1, 2, 3]
Dictionary function parameter:
{'a': 'foo', 'b': 'bar', 'c': 'baz'}
8
start
hey
hey
hey
end
false
5
false
[1, 2, 3]
true
false
5
6
foo
bar
7
8
[1, 2, 3]
[4, 5, 6]
{'a': 1, 'b': 2, 'c': 3}
{'d': 4, 'e': 5, 'f': 6}
true
false
5
6
foo
bar
7
8
[1, 2, 3]
[4, 5, 6]
{'a': 1, 'b': 2, 'c': 3}
{'d': 4, 'e': 5, 'f': 6}
[true, 2, 3, 4, 5, 6]
[false, 2, 3, 4, 5, 6]
{'a': true, 'b': 2, 'c': 3, 'd': 4, 'e': 5, 'f': 6}
{'a': false, 'b': 2, 'c': 3, 'd': 4, 'e': 5, 'f': 6}
[false, 5, 3, 4, 5, 6]
[false, 6, 3, 4, 5, 6]
{'a': false, 'b': 5, 'c': 3, 'd': 4, 'e': 5, 'f': 6}
{'a': false, 'b': 6, 'c': 3, 'd': 4, 'e': 5, 'f': 6}
[false, 6, 'foo', 4, 5, 6]
[false, 6, 'bar', 4, 5, 6]
{'a': false, 'b': 6, 'c': 'foo', 'd': 4, 'e': 5, 'f': 6}
{'a': false, 'b': 6, 'c': 'bar', 'd': 4, 'e': 5, 'f': 6}
[false, 6, 'bar', 7, 5, 6]
[false, 6, 'bar', 8, 5, 6]
{'a': false, 'b': 6, 'c': 'bar', 'd': 7, 'e': 5, 'f': 6}
{'a': false, 'b': 6, 'c': 'bar', 'd': 8, 'e': 5, 'f': 6}
[false, 6, 'bar', 8, [1, 2, 3], 6]
[false, 6, 'bar', 8, [4, 5, 6], 6]
{'a': false, 'b': 6, 'c': 'bar', 'd': 8, 'e': [1, 2, 3], 'f': 6}
{'a': false, 'b': 6, 'c': 'bar', 'd': 8, 'e': [4, 5, 6], 'f': 6}
[false, 6, 'bar', 8, [4, 5, 6], {'a': 1, 'b': 2, 'c': 3}]
[false, 6, 'bar', 8, [4, 5, 6], {'d': 4, 'e': 5, 'f': 6}]
{'a': false, 'b': 6, 'c': 'bar', 'd': 8, 'e': [4, 5, 6], 'f': {'a': 1, 'b': 2, 'c': 3}}
{'a': false, 'b': 6, 'c': 'bar', 'd': 8, 'e': [4, 5, 6], 'f': {'d': 4, 'e': 5, 'f': 6}}
[true, false]
[1, 3.14]
['a', 'b']
{'a': true, 'b': false}
{'a': 1, 'b': 3.14}
{'a': 'a', 'b': 'b'}
true
true
false
true
true
false
false
true
3
7
3.14
7
3
5
3
5.12
3.14
5.12
foo
baz
baz
foo
bar
bar
foo
[1, 2, 3]
[4, 5, 6]
bar
[1, 2, 3]
[7, 8, 9]
foo
{'a': 1, 'b': 2, 'c': 3}
{'d': 4, 'e': 5, 'f': 6}
bar
{'a': 1, 'b': 2, 'c': 3}
{'j': 7, 'k': 8, 'l': 9}
foo
[1, 2, 3]
[4, 5, 6]
bar
[1, 2, 3]
[7, 8, 9]
foo
{'a': 1, 'b': 2, 'c': 3}
{'d': 4, 'e': 5, 'f': 6}
bar
{'a': 1, 'b': 2, 'c': 3}
{'j': 7, 'k': 8, 'l': 9}
0
1
0
1
0
1
5
8
30
