true
false
true
true
false
true
5
3
5
5
1
5
3.5
7.1
3.5
3.5
1.2
3.5
asdasdas
qweqweqwe
asdasdas
asdasdas
12312
asdasdas
true
true
false
true
5
5
1
5
3.2
3.2
35.3
3.2
asdasda
asdasda
qwqweqwe
asdasda
[5, 2, 3]
32
[5, 2, 3]
[1, 2, 3]
[1, 2, 3]
[5, 2, 3]
[1, 2, 3]
{'a': 5, 'b': 2, 'c': 3}
32
{'a': 5, 'b': 2, 'c': 3}
{'a': 'foo', 'b': 'bar', 'c': 'baz'}
{'a': 'foo', 'b': 'bar', 'c': 'baz'}
{'a': 'alt', 'b': 'bar', 'c': 'baz'}
{'a': 'foo', 'b': 'bar', 'c': 'baz'}
5
[5, 2, 3]
7
[5, 2, 3]
5
{'a': 5, 'b': 2, 'c': 3}
7
{'a': 5, 'b': 2, 'c': 3}
