[1, 2, 3]
[true, false]
[3.2, 345.166]
['a', 'b', 'c']
['A', 'B', 'C']
['A', 'asdasdad12312', 1232, 435.16, true, false]
['asdasdasd,', 123123]
[true, false, true]
[1, 2, 63.3, 12321.2]
['A', 'asdasdaqs', 'asdasd123123', '.']
[start] =>
	{id: 0, name: a, 2nd_name: (null), key: (null), scope: main, depth: 0, type: 4, 2nd_type: 3, value_type: 4, role: 0, param_of: } =>
	{id: 1, name: (null), 2nd_name: (null), key: (null), scope: main, depth: 0, type: 1, 2nd_type: 0, value_type: 1, role: 0, param_of: } =>
	{id: 2, name: (null), 2nd_name: (null), key: (null), scope: main, depth: 0, type: 1, 2nd_type: 0, value_type: 1, role: 0, param_of: } =>
	{id: 3, name: (null), 2nd_name: (null), key: (null), scope: main, depth: 0, type: 1, 2nd_type: 0, value_type: 1, role: 0, param_of: } =>
	{id: 4, name: b, 2nd_name: (null), key: (null), scope: main, depth: 0, type: 4, 2nd_type: 3, value_type: 4, role: 0, param_of: } =>
	{id: 5, name: (null), 2nd_name: (null), key: (null), scope: main, depth: 0, type: 0, 2nd_type: 0, value_type: 0, role: 0, param_of: } =>
	{id: 6, name: (null), 2nd_name: (null), key: (null), scope: main, depth: 0, type: 0, 2nd_type: 0, value_type: 0, role: 0, param_of: } =>
	{id: 7, name: c, 2nd_name: (null), key: (null), scope: main, depth: 0, type: 4, 2nd_type: 3, value_type: 4, role: 0, param_of: } =>
	{id: 8, name: (null), 2nd_name: (null), key: (null), scope: main, depth: 0, type: 1, 2nd_type: 0, value_type: 2, role: 0, param_of: } =>
	{id: 9, name: (null), 2nd_name: (null), key: (null), scope: main, depth: 0, type: 1, 2nd_type: 0, value_type: 2, role: 0, param_of: } =>
	{id: 10, name: d, 2nd_name: (null), key: (null), scope: main, depth: 0, type: 4, 2nd_type: 3, value_type: 4, role: 0, param_of: } =>
	{id: 11, name: (null), 2nd_name: (null), key: (null), scope: main, depth: 0, type: 2, 2nd_type: 0, value_type: 3, role: 0, param_of: } =>
	{id: 12, name: (null), 2nd_name: (null), key: (null), scope: main, depth: 0, type: 2, 2nd_type: 0, value_type: 3, role: 0, param_of: } =>
	{id: 13, name: (null), 2nd_name: (null), key: (null), scope: main, depth: 0, type: 2, 2nd_type: 0, value_type: 3, role: 0, param_of: } =>
	{id: 14, name: e, 2nd_name: (null), key: (null), scope: main, depth: 0, type: 4, 2nd_type: 3, value_type: 4, role: 0, param_of: } =>
	{id: 15, name: (null), 2nd_name: (null), key: (null), scope: main, depth: 0, type: 2, 2nd_type: 0, value_type: 3, role: 0, param_of: } =>
	{id: 16, name: (null), 2nd_name: (null), key: (null), scope: main, depth: 0, type: 2, 2nd_type: 0, value_type: 3, role: 0, param_of: } =>
	{id: 17, name: (null), 2nd_name: (null), key: (null), scope: main, depth: 0, type: 2, 2nd_type: 0, value_type: 3, role: 0, param_of: } =>
	{id: 18, name: f, 2nd_name: (null), key: (null), scope: main, depth: 0, type: 4, 2nd_type: 3, value_type: 4, role: 0, param_of: } =>
	{id: 19, name: (null), 2nd_name: (null), key: (null), scope: main, depth: 0, type: 0, 2nd_type: 0, value_type: 0, role: 0, param_of: } =>
	{id: 20, name: (null), 2nd_name: (null), key: (null), scope: main, depth: 0, type: 0, 2nd_type: 0, value_type: 0, role: 0, param_of: } =>
	{id: 21, name: (null), 2nd_name: (null), key: (null), scope: main, depth: 0, type: 1, 2nd_type: 0, value_type: 2, role: 0, param_of: } =>
	{id: 22, name: (null), 2nd_name: (null), key: (null), scope: main, depth: 0, type: 1, 2nd_type: 0, value_type: 1, role: 0, param_of: } =>
	{id: 23, name: (null), 2nd_name: (null), key: (null), scope: main, depth: 0, type: 2, 2nd_type: 0, value_type: 3, role: 0, param_of: } =>
	{id: 24, name: (null), 2nd_name: (null), key: (null), scope: main, depth: 0, type: 2, 2nd_type: 0, value_type: 3, role: 0, param_of: } =>
	{id: 25, name: g, 2nd_name: (null), key: (null), scope: main, depth: 0, type: 4, 2nd_type: 3, value_type: 4, role: 0, param_of: } =>
	{id: 26, name: (null), 2nd_name: (null), key: (null), scope: main, depth: 0, type: 1, 2nd_type: 0, value_type: 1, role: 0, param_of: } =>
	{id: 27, name: (null), 2nd_name: (null), key: (null), scope: main, depth: 0, type: 2, 2nd_type: 0, value_type: 3, role: 0, param_of: } =>
	{id: 28, name: arr1, 2nd_name: (null), key: (null), scope: main, depth: 0, type: 4, 2nd_type: 0, value_type: 4, role: 0, param_of: } =>
	{id: 29, name: (null), 2nd_name: (null), key: (null), scope: main, depth: 0, type: 0, 2nd_type: 0, value_type: 0, role: 0, param_of: } =>
	{id: 30, name: (null), 2nd_name: (null), key: (null), scope: main, depth: 0, type: 0, 2nd_type: 0, value_type: 0, role: 0, param_of: } =>
	{id: 31, name: (null), 2nd_name: (null), key: (null), scope: main, depth: 0, type: 0, 2nd_type: 0, value_type: 0, role: 0, param_of: } =>
	{id: 32, name: arr2, 2nd_name: (null), key: (null), scope: main, depth: 0, type: 4, 2nd_type: 1, value_type: 4, role: 0, param_of: } =>
	{id: 33, name: (null), 2nd_name: (null), key: (null), scope: main, depth: 0, type: 1, 2nd_type: 0, value_type: 2, role: 0, param_of: } =>
	{id: 34, name: (null), 2nd_name: (null), key: (null), scope: main, depth: 0, type: 1, 2nd_type: 0, value_type: 2, role: 0, param_of: } =>
	{id: 35, name: (null), 2nd_name: (null), key: (null), scope: main, depth: 0, type: 1, 2nd_type: 0, value_type: 1, role: 0, param_of: } =>
	{id: 36, name: (null), 2nd_name: (null), key: (null), scope: main, depth: 0, type: 1, 2nd_type: 0, value_type: 1, role: 0, param_of: } =>
	{id: 37, name: arr3, 2nd_name: (null), key: (null), scope: main, depth: 0, type: 4, 2nd_type: 2, value_type: 4, role: 0, param_of: } =>
	{id: 38, name: (null), 2nd_name: (null), key: (null), scope: main, depth: 0, type: 2, 2nd_type: 0, value_type: 3, role: 0, param_of: } =>
	{id: 39, name: (null), 2nd_name: (null), key: (null), scope: main, depth: 0, type: 2, 2nd_type: 0, value_type: 3, role: 0, param_of: } =>
	{id: 40, name: (null), 2nd_name: (null), key: (null), scope: main, depth: 0, type: 2, 2nd_type: 0, value_type: 3, role: 0, param_of: } =>
	{id: 41, name: (null), 2nd_name: (null), key: (null), scope: main, depth: 0, type: 2, 2nd_type: 0, value_type: 3, role: 0, param_of: } =>
[end]
[start] =>
	{id: 0, name: a, 2nd_name: (null), key: (null), scope: main, depth: 0, type: 4, 2nd_type: 3, value_type: 4, role: 0, param_of: } =>
	{id: 1, name: (null), 2nd_name: (null), key: (null), scope: main, depth: 0, type: 1, 2nd_type: 0, value_type: 1, role: 0, param_of: } =>
	{id: 2, name: (null), 2nd_name: (null), key: (null), scope: main, depth: 0, type: 1, 2nd_type: 0, value_type: 1, role: 0, param_of: } =>
	{id: 3, name: (null), 2nd_name: (null), key: (null), scope: main, depth: 0, type: 1, 2nd_type: 0, value_type: 1, role: 0, param_of: } =>
	{id: 4, name: b, 2nd_name: (null), key: (null), scope: main, depth: 0, type: 4, 2nd_type: 3, value_type: 4, role: 0, param_of: } =>
	{id: 5, name: (null), 2nd_name: (null), key: (null), scope: main, depth: 0, type: 0, 2nd_type: 0, value_type: 0, role: 0, param_of: } =>
	{id: 6, name: (null), 2nd_name: (null), key: (null), scope: main, depth: 0, type: 0, 2nd_type: 0, value_type: 0, role: 0, param_of: } =>
	{id: 7, name: c, 2nd_name: (null), key: (null), scope: main, depth: 0, type: 4, 2nd_type: 3, value_type: 4, role: 0, param_of: } =>
	{id: 8, name: (null), 2nd_name: (null), key: (null), scope: main, depth: 0, type: 1, 2nd_type: 0, value_type: 2, role: 0, param_of: } =>
	{id: 9, name: (null), 2nd_name: (null), key: (null), scope: main, depth: 0, type: 1, 2nd_type: 0, value_type: 2, role: 0, param_of: } =>
	{id: 10, name: d, 2nd_name: (null), key: (null), scope: main, depth: 0, type: 4, 2nd_type: 3, value_type: 4, role: 0, param_of: } =>
	{id: 11, name: (null), 2nd_name: (null), key: (null), scope: main, depth: 0, type: 2, 2nd_type: 0, value_type: 3, role: 0, param_of: } =>
	{id: 12, name: (null), 2nd_name: (null), key: (null), scope: main, depth: 0, type: 2, 2nd_type: 0, value_type: 3, role: 0, param_of: } =>
	{id: 13, name: (null), 2nd_name: (null), key: (null), scope: main, depth: 0, type: 2, 2nd_type: 0, value_type: 3, role: 0, param_of: } =>
	{id: 14, name: e, 2nd_name: (null), key: (null), scope: main, depth: 0, type: 4, 2nd_type: 3, value_type: 4, role: 0, param_of: } =>
	{id: 15, name: (null), 2nd_name: (null), key: (null), scope: main, depth: 0, type: 2, 2nd_type: 0, value_type: 3, role: 0, param_of: } =>
	{id: 16, name: (null), 2nd_name: (null), key: (null), scope: main, depth: 0, type: 2, 2nd_type: 0, value_type: 3, role: 0, param_of: } =>
	{id: 17, name: (null), 2nd_name: (null), key: (null), scope: main, depth: 0, type: 2, 2nd_type: 0, value_type: 3, role: 0, param_of: } =>
	{id: 25, name: g, 2nd_name: (null), key: (null), scope: main, depth: 0, type: 4, 2nd_type: 3, value_type: 4, role: 0, param_of: } =>
	{id: 26, name: (null), 2nd_name: (null), key: (null), scope: main, depth: 0, type: 1, 2nd_type: 0, value_type: 1, role: 0, param_of: } =>
	{id: 27, name: (null), 2nd_name: (null), key: (null), scope: main, depth: 0, type: 2, 2nd_type: 0, value_type: 3, role: 0, param_of: } =>
	{id: 28, name: arr1, 2nd_name: (null), key: (null), scope: main, depth: 0, type: 4, 2nd_type: 0, value_type: 4, role: 0, param_of: } =>
	{id: 29, name: (null), 2nd_name: (null), key: (null), scope: main, depth: 0, type: 0, 2nd_type: 0, value_type: 0, role: 0, param_of: } =>
	{id: 30, name: (null), 2nd_name: (null), key: (null), scope: main, depth: 0, type: 0, 2nd_type: 0, value_type: 0, role: 0, param_of: } =>
	{id: 31, name: (null), 2nd_name: (null), key: (null), scope: main, depth: 0, type: 0, 2nd_type: 0, value_type: 0, role: 0, param_of: } =>
	{id: 32, name: arr2, 2nd_name: (null), key: (null), scope: main, depth: 0, type: 4, 2nd_type: 1, value_type: 4, role: 0, param_of: } =>
	{id: 33, name: (null), 2nd_name: (null), key: (null), scope: main, depth: 0, type: 1, 2nd_type: 0, value_type: 2, role: 0, param_of: } =>
	{id: 34, name: (null), 2nd_name: (null), key: (null), scope: main, depth: 0, type: 1, 2nd_type: 0, value_type: 2, role: 0, param_of: } =>
	{id: 35, name: (null), 2nd_name: (null), key: (null), scope: main, depth: 0, type: 1, 2nd_type: 0, value_type: 1, role: 0, param_of: } =>
	{id: 36, name: (null), 2nd_name: (null), key: (null), scope: main, depth: 0, type: 1, 2nd_type: 0, value_type: 1, role: 0, param_of: } =>
	{id: 37, name: arr3, 2nd_name: (null), key: (null), scope: main, depth: 0, type: 4, 2nd_type: 2, value_type: 4, role: 0, param_of: } =>
	{id: 38, name: (null), 2nd_name: (null), key: (null), scope: main, depth: 0, type: 2, 2nd_type: 0, value_type: 3, role: 0, param_of: } =>
	{id: 39, name: (null), 2nd_name: (null), key: (null), scope: main, depth: 0, type: 2, 2nd_type: 0, value_type: 3, role: 0, param_of: } =>
	{id: 40, name: (null), 2nd_name: (null), key: (null), scope: main, depth: 0, type: 2, 2nd_type: 0, value_type: 3, role: 0, param_of: } =>
	{id: 41, name: (null), 2nd_name: (null), key: (null), scope: main, depth: 0, type: 2, 2nd_type: 0, value_type: 3, role: 0, param_of: } =>
[end]
3
2
1
3
2
1
false
345.166
c
A
63.3
.
[5, 2, 3]
32
[5, 2, 3]
[1, 2, 3]
[1, 2, 3]
[5, 2, 3]
[1, 2, 3]
[5, 2, 3]
[false, false]
[5, 2, 3]
['d', 'b', 'c']
[1, 2, 3, 4, 5]
[1, 3, 4, 5]
[1, 3, 5]
[3, 5]
[3]
[]
1
2
3
2
true
true
1
3
a
c
true
true
1
3
a
c
true
true
3
1
c
a
true
true
3
1
c
a
[false, false, true]
[false, false, false]
[5, 2, 3]
[5, 2, 6]
['d', 'b', 'c']
['d', 'b', 'e']
[false, false]
[5, 2]
22
22
[[1, 2, 3], [4, 5, 6]]
[['a', 'b'], 3]
[{'a': 1, 'b': 2}, 3]
[{'a': 1, 'b': 2}, 3]
2
2
[4, 5, 6]
[[4, 5, 6], 2, 3]
[[4, 5, 6], 3]
{'c': 3, 'd': 4}
[{'c': 3, 'd': 4}, 2, 3]
[{'c': 3, 'd': 4}, 3]
[[], []]
[123, []]
[123, 'foo']
[4, 2]
[2, 2]
[3, 5, 4]
[3, 5, 4]
[3, 5, 4]
[[1, 2], [3, 4], [5, 6]]
[{'a': 1, 'b': 2}, {'c': 3, 'd': 4}, {'e': 5, 'f': 6}]
[{'a': [1, 2], 'b': [3, 4]}, {'c': [5, 6], 'd': [7, 8]}, {'e': [9, 10], 'f': [11, 12]}]
