[1, 2, 3]
256
1
deepest loop
1
deepest loop
256
1
deepest loop
1
deepest loop
256
1
deepest loop
1
deepest loop
256
1
deepest loop
1
deepest loop
[1, 2, 3]
256
1
deepest loop
1
deepest loop
256
1
deepest loop
1
deepest loop
256
1
deepest loop
1
deepest loop
256
1
deepest loop
1
deepest loop
[1, 2, 3]
256
1
deepest loop
1
deepest loop
256
1
deepest loop
1
deepest loop
256
1
deepest loop
1
deepest loop
256
1
deepest loop
1
deepest loop
hey
1
2
3
hey
1
2
3
hey
1
2
3
hoy
hoy
hoy
hoy
hoy
1
5
5
2
5
5
3
5
5
[1, 2, 3]
a
foo
b
bar
c
baz
1
a
foo
b
bar
c
baz
2
a
foo
b
bar
c
baz
3
a
foo
b
bar
c
baz
1
a
foo
b
bar
c
baz
2
a
foo
b
bar
c
baz
3
a
foo
b
bar
c
baz
1
a
foo
b
bar
c
baz
2
a
foo
b
bar
c
baz
3
a
foo
b
bar
c
baz
after all the loops
[1, 2]
1
2
[3, 4]
3
4
[5, 6]
5
6
{'a': 1, 'b': 2}
a
1
b
2
{'c': 3, 'd': 4}
c
3
d
4
{'e': 5, 'f': 6}
e
5
f
6
{'a': [1, 2], 'b': [3, 4]}
a
[1, 2]
1
2
b
[3, 4]
3
4
{'c': [5, 6], 'd': [7, 8]}
c
[5, 6]
5
6
d
[7, 8]
7
8
{'e': [9, 10], 'f': [11, 12]}
e
[9, 10]
9
10
f
[11, 12]
11
12
a
{'a': 1, 'b': 2}
a
1
b
2
b
{'c': 3, 'd': 4}
c
3
d
4
c
{'e': 5, 'f': 6}
e
5
f
6
a
[1, 2]
1
2
b
[3, 4]
3
4
c
[5, 6]
5
6
a
[{'a': 1, 'b': 2}, {'c': 3, 'd': 4}]
{'a': 1, 'b': 2}
a
1
b
2
{'c': 3, 'd': 4}
c
3
d
4
b
[{'e': 5, 'f': 6}, {'g': 7, 'h': 8}]
{'e': 5, 'f': 6}
e
5
f
6
{'g': 7, 'h': 8}
g
7
h
8
c
[{'x': 9, 'y': 10}, {'t': 11, 'v': 12}]
{'x': 9, 'y': 10}
x
9
y
10
{'t': 11, 'v': 12}
t
11
v
12
C
h
a
o
s
 
L
a
n
g
u
a
g
e
[1, 2, 3]
[1, 2, 3]
[1, 2, 3]
eight times
eight times
eight times
eight times
eight times
eight times
eight times
eight times
