string2
string4
e
y
kaos
hello
world

hello
world



hello

world


hello
world

hello

world

hello





world

hello world
hello	world
hello		world
hello"world
hello'world
hello"world
hello'world
!"#$%&'()*+,-./:;<=>?@[\]^_`{|}~
!"#$%&'()*+,-./:;<=>?@[\]^_`{|}~
abc%s
12%s3
hello world
hello world
hello world
