[start] =>
	{id: 0, name: var1, 2nd_name: (null), key: (null), scope: main, depth: 0, type: 0, 2nd_type: 0, value_type: 0, role: 0, param_of: } =>
	{id: 2, name: var3, 2nd_name: (null), key: (null), scope: main, depth: 0, type: 0, 2nd_type: 0, value_type: 0, role: 0, param_of: } =>
	{id: 3, name: var4, 2nd_name: (null), key: (null), scope: main, depth: 0, type: 0, 2nd_type: 0, value_type: 0, role: 0, param_of: } =>
	{id: 4, name: var5, 2nd_name: (null), key: (null), scope: main, depth: 0, type: 1, 2nd_type: 0, value_type: 1, role: 0, param_of: } =>
	{id: 5, name: var6, 2nd_name: (null), key: (null), scope: main, depth: 0, type: 1, 2nd_type: 0, value_type: 2, role: 0, param_of: } =>
	{id: 6, name: var7, 2nd_name: (null), key: (null), scope: main, depth: 0, type: 2, 2nd_type: 0, value_type: 3, role: 0, param_of: } =>
	{id: 7, name: var8, 2nd_name: (null), key: (null), scope: main, depth: 0, type: 2, 2nd_type: 0, value_type: 3, role: 0, param_of: } =>
[end]
