Chaos Error:
Module: ~/chaos/__interactive__.kaos
Line: 5
Undefined variable: b
Absorbed by Interactive Shell

You have chosen the order!
