Chaos Error:
Module: ~/chaos/__interactive__.kaos
Line: 15
Undefined function: asdasd1
Absorbed by Interactive Shell
hey
Chaos Error:
Module: ~/chaos/__interactive__.kaos
Line: 4
Undefined function: asdasd2
Absorbed by Interactive Shell
5
4
101
101
