Chaos Error:
Module: ~/chaos/__interactive__.kaos
Line: 3
Undefined variable: b
Absorbed by Interactive Shell
