Chaos Error:
Module: ~/chaos/__interactive__.kaos
Line: 22
Undefined function: asdasd1
Absorbed by Interactive Shell
module1
f2
f3
f5
Chaos Error:
Module: ~/chaos/__interactive__.kaos
Line: 7
Undefined function: asdasd2
Absorbed by Interactive Shell
