Chaos Error (most recent call last):
File: "~/chaos/__interactive__.kaos", line 2
k[0] = 5
Illegal character assignment for string: k
Absorbed by Interactive Shell
Chaos Error (most recent call last):
File: "~/chaos/__interactive__.kaos", line 3
k[0] = 'asdasdasd'
Right hand side of the assignment is not a character for string: k
Absorbed by Interactive Shell
chaos
kaos
